[www.shopifydirectory.avatarteaams.com/index.html]
[backblue.gif]
[fade.gif]
[index.html]
[cdn.shopify.com/b/shopify-brochure2-assets/f963136134f7ad162294fd6a765610136875.png]
[cdn.shopify.com/shopifycloud/world/brochure/production-shopify/assets/partners.v4-BozyPF27.css]
[cdn.shopify.com/b/shopify-brochure2-assets/c97c60ca19c64a8b5378d9f9e971f7bd.png]
[cdn.shopify.com/b/shopify-brochure2-assets/b13486e5693b246af63c66ab047a6b6b.png]
[cdn.shopify.com/b/shopify-brochure2-assets/8734d76c98437c8ae8a628bbeed3750a.png]
[cdn.shopify.com/b/shopify-brochure2-assets/193f18e4855704ef1716dc0cd750c1ee.png]
[www.shopifydirectory.avatarteaams.com/partners.6.delayed]
[www.shopifydirectory.avatarteaams.com/services/identity/logindde3]
[www.shopifydirectory.avatarteaams.com/partners/directory/services]
[www.shopifydirectory.avatarteaams.com/partners/directory/technologies]
[www.shopifydirectory.avatarteaams.com/partners/directory/services/marketing-and-sales/email-marketing]
[www.shopifydirectory.avatarteaams.com/partners/directory/services/marketing-and-sales/seo-and-paid-search]
[www.shopifydirectory.avatarteaams.com/partners/directory/services/marketing-and-sales/setup-search-engine-advertising-campaigns]
[www.shopifydirectory.avatarteaams.com/partners/directory/services/marketing-and-sales/social-media-marketing]
[www.shopifydirectory.avatarteaams.com/partners/directory/services/marketing-and-sales/content-marketing]
[www.shopifydirectory.avatarteaams.com/partners/directory/services/marketing-and-sales/sales-channel-setup]
[www.shopifydirectory.avatarteaams.com/partners/directory/services/marketing-and-sales/conversion-rate-optimization]
[www.shopifydirectory.avatarteaams.com/partners/directory/services/marketing-and-sales/analytics-and-tracking]
[www.shopifydirectory.avatarteaams.com/partners/directory/services/store-setup/customize-design]
[www.shopifydirectory.avatarteaams.com/partners/directory/services/store-setup/migrate-from-another-platform]
[www.shopifydirectory.avatarteaams.com/partners/directory/services/store-setup/set-up-products-and-collections]
[www.shopifydirectory.avatarteaams.com/partners/directory/services/store-setup/customize-theme]
[www.shopifydirectory.avatarteaams.com/partners/directory/services/store-setup/configure-settings]
[www.shopifydirectory.avatarteaams.com/partners/directory/services/store-setup/pos-setup-and-migration]
[www.shopifydirectory.avatarteaams.com/partners/directory/services/store-setup/headless-commerce]
[www.shopifydirectory.avatarteaams.com/partners/directory/services/store-setup/website-audit-and-optimization-strategy]
[www.shopifydirectory.avatarteaams.com/partners/directory/services/store-setup/ongoing-website-management]
[www.shopifydirectory.avatarteaams.com/partners/directory/services/store-setup/checkout-upgrade]
[www.shopifydirectory.avatarteaams.com/partners/directory/services/development-and-troubleshooting/custom-apps-integrations]
[www.shopifydirectory.avatarteaams.com/partners/directory/services/development-and-troubleshooting/domain-setup]
[www.shopifydirectory.avatarteaams.com/partners/directory/services/development-and-troubleshooting/troubleshooting-and-problem-resolution]
[www.shopifydirectory.avatarteaams.com/partners/directory/services/development-and-troubleshooting/systems-integration]
[www.shopifydirectory.avatarteaams.com/partners/directory/services/visual-content-and-branding/develop-brand-look-and-feel]
[www.shopifydirectory.avatarteaams.com/partners/directory/services/visual-content-and-branding/create-custom-banner-ads]
[www.shopifydirectory.avatarteaams.com/partners/directory/services/visual-content-and-branding/video-and-illustrations]
[www.shopifydirectory.avatarteaams.com/partners/directory/services/visual-content-and-branding/take-product-photos]
[www.shopifydirectory.avatarteaams.com/partners/directory/services/visual-content-and-branding/create-3d-models-ar]
[www.shopifydirectory.avatarteaams.com/partners/directory/services/content-writing/write-product-descriptions]
[www.shopifydirectory.avatarteaams.com/partners/directory/services/content-writing/website-marketing-content]
[www.shopifydirectory.avatarteaams.com/partners/directory/services/expert-guidance/business-strategy-guidance]
[www.shopifydirectory.avatarteaams.com/partners/directory/services/expert-guidance/product-sourcing-guidance]
[www.shopifydirectory.avatarteaams.com/partners/directory/services/expert-guidance/guidance-for-improving-your-site-performance-and-speed]
[www.shopifydirectory.avatarteaams.com/partners/directory/services/expert-guidance/tax-setup]
[www.shopifydirectory.avatarteaams.com/partners/directory/services/expert-guidance/wholesale-or-b2b]
[www.shopifydirectory.avatarteaams.com/partners/directory/services/expert-guidance/international-expansion]
[www.shopifydirectory.avatarteaams.com/partners/directory/services/expert-guidance/product-development]
[www.shopifydirectory.avatarteaams.com/partners/directory/locations/united-states]
[www.shopifydirectory.avatarteaams.com/partners/directory/locations/canada]
[www.shopifydirectory.avatarteaams.com/partners/directory/locations/india]
[www.shopifydirectory.avatarteaams.com/partners/directory/locations/united-kingdom]
[www.shopifydirectory.avatarteaams.com/partners/directory/locations/australia]
[www.shopifydirectory.avatarteaams.com/partners/directory/locations/germany]
[www.shopifydirectory.avatarteaams.com/partners/directory/locations/france]
[www.shopifydirectory.avatarteaams.com/partners/directory/locations/italy]
[www.shopifydirectory.avatarteaams.com/partners/directory/locations]
[www.shopifydirectory.avatarteaams.com/images/profile.png]
[www.shopifydirectory.avatarteaams.com/blog/what-is-shopify]
[www.shopifydirectory.avatarteaams.com/indexfdb0.html]
[www.shopifydirectory.avatarteaams.com/index2679.html]
[www.shopifydirectory.avatarteaams.com/index4658.html]
[www.shopifydirectory.avatarteaams.com/index9ba9.html]
[www.shopifydirectory.avatarteaams.com/editions]
[www.shopifydirectory.avatarteaams.com/careers]
[www.shopifydirectory.avatarteaams.com/news]
[www.shopifydirectory.avatarteaams.com/climate]
[www.shopifydirectory.avatarteaams.com/affiliates]
[www.shopifydirectory.avatarteaams.com/blog]
[www.shopifydirectory.avatarteaams.com/compare]
[www.shopifydirectory.avatarteaams.com/blog/topics/guides]
[www.shopifydirectory.avatarteaams.com/tools]
[www.shopifydirectory.avatarteaams.com/partners/directory]
[www.shopifydirectory.avatarteaams.com/partners/directory/partner/heymara25c8]
[www.shopifydirectory.avatarteaams.com/legal/terms]
[www.shopifydirectory.avatarteaams.com/legal]
[www.shopifydirectory.avatarteaams.com/legal/privacy]
[www.shopifydirectory.avatarteaams.com/sitemap]
[cdn.shopify.com/shopifycloud/world/brochure/production-shopify/assets/entry.client-BxXmjJLF.js]
[cdn.shopify.com/shopifycloud/world/brochure/production-shopify/assets/react-dom-Ciw0IHAT.js]
[cdn.shopify.com/shopifycloud/world/brochure/production-shopify/assets/client-D8pNo7Yd.js]
[cdn.shopify.com/shopifycloud/world/brochure/production-shopify/assets/chunk-EPOLDU6W-D89XZrRt.js]
[cdn.shopify.com/shopifycloud/world/brochure/production-shopify/assets/jsx-runtime-DHrpvsUB.js]
[cdn.shopify.com/shopifycloud/world/brochure/production-shopify/assets/react-CZh8lARz.js]
[cdn.shopify.com/shopifycloud/world/brochure/production-shopify/assets/constants-Dg0B00I7.js]
[cdn.shopify.com/shopifycloud/world/brochure/production-shopify/assets/types-B3m9U22s.js]
[cdn.shopify.com/shopifycloud/world/brochure/production-shopify/assets/chunk-BwMQFPjo.js]
[cdn.shopify.com/shopifycloud/world/brochure/production-shopify/assets/preload-helper-jNnkBcTN.js]
[cdn.shopify.com/shopifycloud/world/brochure/production-shopify/assets/env-5UPsmnWu.js]
[cdn.shopify.com/shopifycloud/world/brochure/production-shopify/assets/chunk-AD6N63BV-D67SlOeS.js]
[cdn.shopify.com/shopifycloud/world/brochure/production-shopify/assets/enums-BpOvEjvo.js]
[cdn.shopify.com/shopifycloud/world/brochure/production-shopify/assets/root-B7zefH9q.js]
[cdn.shopify.com/shopifycloud/world/brochure/production-shopify/assets/useSiteData-B4yP7-rN.js]
[cdn.shopify.com/shopifycloud/world/brochure/production-shopify/assets/classnames-XZxZAW4W.js]
[cdn.shopify.com/shopifycloud/world/brochure/production-shopify/assets/i18next-B82hzYPH.js]
[cdn.shopify.com/shopifycloud/world/brochure/production-shopify/assets/I18N-D1pZUmpN.js]
[cdn.shopify.com/shopifycloud/world/brochure/production-shopify/assets/isObjectLike-D47_f6Ct.js]
[cdn.shopify.com/shopifycloud/world/brochure/production-shopify/assets/Provider-n2EMV-1R.js]
[cdn.shopify.com/shopifycloud/world/brochure/production-shopify/assets/twMerge-kRsXDExL.js]
[cdn.shopify.com/shopifycloud/world/brochure/production-shopify/assets/Wrapper-5ScyUuwx.js]
[cdn.shopify.com/shopifycloud/world/brochure/production-shopify/assets/constants-Caz_I6v7.js]
[cdn.shopify.com/shopifycloud/world/brochure/production-shopify/assets/HeadingGroup-DRPxwmWD.js]
[cdn.shopify.com/shopifycloud/world/brochure/production-shopify/assets/Icon-COnOohdL.js]
[cdn.shopify.com/shopifycloud/world/brochure/production-shopify/assets/Image-P8zHADbO.js]
[cdn.shopify.com/shopifycloud/world/brochure/production-shopify/assets/ShopifyLogo-BFyeGOIi.js]
[cdn.shopify.com/shopifycloud/world/brochure/production-shopify/assets/Typography-CR903xyK.js]
[cdn.shopify.com/shopifycloud/world/brochure/production-shopify/assets/ErrorBoundary-NGvLHQ-l.js]
[cdn.shopify.com/shopifycloud/world/brochure/production-shopify/assets/Section-B23JR_Bb.js]
[cdn.shopify.com/shopifycloud/world/brochure/production-shopify/assets/SectionErrorBoundary-DIeHkXxn.js]
[cdn.shopify.com/shopifycloud/world/brochure/production-shopify/assets/TwoColumn-Bb7nsvm5.js]
[cdn.shopify.com/shopifycloud/world/brochure/production-shopify/assets/Grid-C2cLyYcl.js]
[cdn.shopify.com/shopifycloud/world/brochure/production-shopify/assets/SideBySide-Dj5KIS6g.js]
[cdn.shopify.com/shopifycloud/world/brochure/production-shopify/assets/SectionHeader-Coa8-0as.js]
[cdn.shopify.com/shopifycloud/world/brochure/production-shopify/assets/ErrorBoundary-kbXQGZIu.js]
[cdn.shopify.com/shopifycloud/world/brochure/production-shopify/assets/PricingData-CtXXR_Mp.js]
[cdn.shopify.com/shopifycloud/world/brochure/production-shopify/assets/SignupClickHandler-DqaoKXpX.js]
[cdn.shopify.com/shopifycloud/world/brochure/production-shopify/assets/lazy-BWHG2J3y.js]
[cdn.shopify.com/shopifycloud/world/brochure/production-shopify/assets/flags-LatxRt_K.js]
[cdn.shopify.com/shopifycloud/world/brochure/production-shopify/assets/GlobalTranslations-DqBfsjtu.js]
[cdn.shopify.com/shopifycloud/world/brochure/production-shopify/assets/useDataLayer-BM-7NFuX.js]
[cdn.shopify.com/shopifycloud/world/brochure/production-shopify/assets/useHydrated-BIgrJnvg.js]
[cdn.shopify.com/shopifycloud/world/brochure/production-shopify/assets/useSignupUrl-DC40XVUB.js]
[cdn.shopify.com/shopifycloud/world/brochure/production-shopify/assets/useTranslations-Ccg09qVh.js]
[cdn.shopify.com/shopifycloud/world/brochure/production-shopify/assets/i18nInstance-CouNUjQD.js]
[cdn.shopify.com/shopifycloud/world/brochure/production-shopify/assets/useTranslation-CMV8SiIN.js]
[cdn.shopify.com/shopifycloud/world/brochure/production-shopify/assets/spacing-DUKojDUx.js]
[cdn.shopify.com/shopifycloud/world/brochure/production-shopify/assets/utils-BzWwlr0Q.js]
[cdn.shopify.com/shopifycloud/world/brochure/production-shopify/assets/useLoadScript-DY1ZpNvw.js]
[cdn.shopify.com/shopifycloud/world/brochure/production-shopify/assets/chunk-WOT6VMZA-D9QSZCjE.js]
[cdn.shopify.com/shopifycloud/world/brochure/production-shopify/assets/types-rIx1WpTV.js]
[cdn.shopify.com/shopifycloud/world/brochure/production-shopify/assets/dist-BIKqc49e.js]
[cdn.shopify.com/shopifycloud/world/brochure/production-shopify/assets/Pause-DrmrA--H.js]
[cdn.shopify.com/shopifycloud/world/brochure/production-shopify/assets/Play-wfVgs7r1.js]
[cdn.shopify.com/shopifycloud/world/brochure/production-shopify/assets/useClientErrorTracker-CxDI61S0.js]
[cdn.shopify.com/shopifycloud/world/brochure/production-shopify/assets/layout-B2-Nvhg7.js]
[cdn.shopify.com/shopifycloud/world/brochure/production-shopify/assets/preload-font-CYueGZU-.js]
[cdn.shopify.com/shopifycloud/world/brochure/production-shopify/assets/layout-jEHgmcrx.js]
[cdn.shopify.com/shopifycloud/world/brochure/production-shopify/assets/PageLayout-CS2Rwuok.js]
[cdn.shopify.com/shopifycloud/world/brochure/production-shopify/assets/Header-CYqN5SKu.js]
[cdn.shopify.com/shopifycloud/world/brochure/production-shopify/assets/SvgUse-Gm-55Lhh.js]
[cdn.shopify.com/shopifycloud/world/brochure/production-shopify/assets/Button-u_9tWc5T.js]
[cdn.shopify.com/shopifycloud/world/brochure/production-shopify/assets/styles-CgE2s-Nh.js]
[cdn.shopify.com/shopifycloud/world/brochure/production-shopify/assets/ButtonGroup-F26krGny.js]
[cdn.shopify.com/shopifycloud/world/brochure/production-shopify/assets/useRightClickSaveMenu-DKzBwyoU.js]
[cdn.shopify.com/shopifycloud/world/brochure/production-shopify/assets/utils-_Aj93DSz.js]
[cdn.shopify.com/shopifycloud/world/brochure/production-shopify/assets/Footer-CFeqCc6b.js]
[cdn.shopify.com/shopifycloud/world/brochure/production-shopify/assets/Anchor-Dx21keSn.js]
[cdn.shopify.com/shopifycloud/world/brochure/production-shopify/assets/useDevWindowOverride-A5w3zIpT.js]
[cdn.shopify.com/shopifycloud/world/brochure/production-shopify/assets/SkipLink-DBPnwwKM.js]
[cdn.shopify.com/shopifycloud/world/brochure/production-shopify/assets/Toggle-CfOEdG8t.js]
[cdn.shopify.com/shopifycloud/world/brochure/production-shopify/assets/useAriaLabel-wFYFpr_a.js]
[cdn.shopify.com/shopifycloud/world/brochure/production-shopify/assets/useFocusTrap-DdkpdaFf.js]
[cdn.shopify.com/shopifycloud/world/brochure/production-shopify/assets/useIntersectionObserver-Ch0aNuju.js]
[cdn.shopify.com/shopifycloud/world/brochure/production-shopify/assets/useKeyPress-BTD_HVPL.js]
[cdn.shopify.com/shopifycloud/world/brochure/production-shopify/assets/useMediaQuery-gkUcli4Y.js]
[cdn.shopify.com/shopifycloud/world/brochure/production-shopify/assets/usePreventBodyScroll-BW0_iwPv.js]
[cdn.shopify.com/shopifycloud/world/brochure/production-shopify/assets/useReducedMotion-CKFcOcwh.js]
[cdn.shopify.com/shopifycloud/world/brochure/production-shopify/assets/useSignup-O6Kg_226.js]
[cdn.shopify.com/shopifycloud/world/brochure/production-shopify/assets/getIcon-7l8R1s1w.js]
[cdn.shopify.com/shopifycloud/world/brochure/production-shopify/assets/Header-ByCeK17L.js]
[cdn.shopify.com/shopifycloud/world/brochure/production-shopify/assets/partners.v4-wHr6AgUe.js]
[cdn.shopify.com/shopifycloud/world/brochure/production-shopify/assets/SocialIcons-CJDrP6N5.js]
[cdn.shopify.com/shopifycloud/world/brochure/production-shopify/assets/layout-CF4Td0_1.js]
[cdn.shopify.com/shopifycloud/world/brochure/production-shopify/assets/route-COq6GLBT.js]
[cdn.shopify.com/shopifycloud/world/brochure/production-shopify/assets/safeWithZod-XTI8b4n_.js]
[cdn.shopify.com/shopifycloud/world/brochure/production-shopify/assets/debounce-BcyZxjFZ.js]
[cdn.shopify.com/shopifycloud/world/brochure/production-shopify/assets/isSymbol-CDgZ4kbz.js]
[cdn.shopify.com/shopifycloud/world/brochure/production-shopify/assets/lib-BFAPvG_v.js]
[cdn.shopify.com/shopifycloud/world/brochure/production-shopify/assets/Pagination-1XZzwzdq.js]
[cdn.shopify.com/shopifycloud/world/brochure/production-shopify/assets/Skeleton-DIWFfWWe.js]
[cdn.shopify.com/shopifycloud/world/brochure/production-shopify/assets/PageLayout-BAzNTpqB.js]
[cdn.shopify.com/shopifycloud/world/brochure/production-shopify/assets/NewBadge-D8gbtdj1.js]
[cdn.shopify.com/shopifycloud/world/brochure/production-shopify/assets/Tooltip-CYroOTAS.js]
[cdn.shopify.com/shopifycloud/world/brochure/production-shopify/assets/strings-CJSn17Ya.js]
[cdn.shopify.com/shopifycloud/world/brochure/production-shopify/assets/unifiedSessionClientLoader-DahKCynY.js]
[cdn.shopify.com/shopifycloud/world/brochure/production-shopify/assets/userResult-MpF0waEF.js]
[cdn.shopify.com/shopifycloud/world/brochure/production-shopify/assets/immer-gy2T56AU.js]
[cdn.shopify.com/shopifycloud/world/brochure/production-shopify/assets/react-DqN7W3Kv.js]
[cdn.shopify.com/shopifycloud/world/brochure/production-shopify/assets/Arrow-BOSTZUk5.js]
[cdn.shopify.com/shopifycloud/world/brochure/production-shopify/assets/Check-CWaO_unq.js]
[cdn.shopify.com/shopifycloud/world/brochure/production-shopify/assets/utils-D_IyMMqz.js]
[cdn.shopify.com/shopifycloud/world/brochure/production-shopify/assets/Link-B_ZfjzaH.js]
[cdn.shopify.com/shopifycloud/world/brochure/production-shopify/assets/CardGrid-BgPvH9mK.js]
[cdn.shopify.com/shopifycloud/world/brochure/production-shopify/assets/Card-B57GjCMd.js]
[cdn.shopify.com/shopifycloud/world/brochure/production-shopify/assets/styles-CenYDOs0.js]
[cdn.shopify.com/shopifycloud/world/brochure/production-shopify/assets/AnimateInItem-DQvl1QEf.js]
[cdn.shopify.com/shopifycloud/world/brochure/production-shopify/assets/EditionsEyebrowLink-DUrhq29b.js]
[cdn.shopify.com/shopifycloud/world/brochure/production-shopify/assets/routeUtils-C3mlDYyL.js]
[cdn.shopify.com/shopifycloud/world/brochure/production-shopify/assets/BackgroundCornerBlocks-D76_vyI8.js]
[cdn.shopify.com/shopifycloud/world/brochure/production-shopify/assets/colorSchemes-DnyB1bJM.js]
[cdn.shopify.com/shopifycloud/world/brochure/production-shopify/assets/dist-DIQXRQFj.js]
[cdn.shopify.com/shopifycloud/world/brochure/production-shopify/assets/twMerge-v4-DfsxWTUP.js]
[cdn.shopify.com/shopifycloud/world/brochure/production-shopify/assets/HeadingGroup-4AWfyHOE.js]
[cdn.shopify.com/shopifycloud/world/brochure/production-shopify/assets/Button-oc7bV97w.js]
[cdn.shopify.com/shopifycloud/world/brochure/production-shopify/assets/ButtonGroup-C_kFuEfm.js]
[cdn.shopify.com/shopifycloud/world/brochure/production-shopify/assets/ButtonInterface-CwNakgpJ.js]
[cdn.shopify.com/shopifycloud/world/brochure/production-shopify/assets/styles-Dxeh_Sku.js]
[cdn.shopify.com/shopifycloud/world/brochure/production-shopify/assets/Card-CbPWlGfX.js]
[cdn.shopify.com/shopifycloud/world/brochure/production-shopify/assets/CardBase-CjmKGkQi.js]
[cdn.shopify.com/shopifycloud/world/brochure/production-shopify/assets/CardContent-10TbDWXo.js]
[cdn.shopify.com/shopifycloud/world/brochure/production-shopify/assets/CardGrid-DyQIPUQr.js]
[cdn.shopify.com/shopifycloud/world/brochure/production-shopify/assets/CardRow-uVxvrhaD.js]
[cdn.shopify.com/shopifycloud/world/brochure/production-shopify/assets/Col-BxXiJy1a.js]
[cdn.shopify.com/shopifycloud/world/brochure/production-shopify/assets/HeadingGroupCTA-CPD74qtb.js]
[cdn.shopify.com/shopifycloud/world/brochure/production-shopify/assets/Icon-DbgvrL8f.js]
[cdn.shopify.com/shopifycloud/world/brochure/production-shopify/assets/Image-BybtQG0j.js]
[cdn.shopify.com/shopifycloud/world/brochure/production-shopify/assets/Link-A4oKnjMv.js]
[cdn.shopify.com/shopifycloud/world/brochure/production-shopify/assets/LogoGroupMarquee-Ds0OfyHr.js]
[cdn.shopify.com/shopifycloud/world/brochure/production-shopify/assets/Section-AZrSwXDl.js]
[cdn.shopify.com/shopifycloud/world/brochure/production-shopify/assets/SectionHeading-BLvb7VQq.js]
[cdn.shopify.com/shopifycloud/world/brochure/production-shopify/assets/Testimonial-Dw6651cL.js]
[cdn.shopify.com/shopifycloud/world/brochure/production-shopify/assets/Testimonials-CwntjZQ6.js]
[cdn.shopify.com/shopifycloud/world/brochure/production-shopify/assets/Typography-Dbd7-4GN.js]
[cdn.shopify.com/shopifycloud/world/brochure/production-shopify/assets/AutoResponsiveImage-BKs1mmzl.js]
[cdn.shopify.com/shopifycloud/world/brochure/production-shopify/assets/RiveAnimation-DaZSSPwf.js]
[cdn.shopify.com/shopifycloud/world/brochure/production-shopify/assets/handle-FeE8eB06.js]
[cdn.shopify.com/shopifycloud/world/brochure/production-shopify/assets/Pause-C9y5h4aU.js]
[cdn.shopify.com/shopifycloud/world/brochure/production-shopify/assets/Play-DwDbloid.js]
[cdn.shopify.com/shopifycloud/world/brochure/production-shopify/assets/utils-Dlkktl7j.js]
[cdn.shopify.com/shopifycloud/world/brochure/production-shopify/assets/styles-CsqZIrxK.js]
[www.shopifydirectory.avatarteaams.com/index.html]
[cdn.shopify.com/shopifycloud/world/brochure/production-shopify/assets/partners.v4-BozyPF27.css]
[www.shopifydirectory.avatarteaams.com/partners.html]
[www.shopifydirectory.avatarteaams.com/services/identity/logindde3.html]
[www.shopifydirectory.avatarteaams.com/partners/directory/services.html]
[www.shopifydirectory.avatarteaams.com/partners/directory/technologies.html]
[www.shopifydirectory.avatarteaams.com/partners/directory/services/marketing-and-sales/email-marketing.html]
[www.shopifydirectory.avatarteaams.com/partners/directory/services/marketing-and-sales/seo-and-paid-search.html]
[www.shopifydirectory.avatarteaams.com/partners/directory/services/marketing-and-sales/setup-search-engine-advertising-campaigns.html]
[www.shopifydirectory.avatarteaams.com/partners/directory/services/marketing-and-sales/social-media-marketing.html]
[www.shopifydirectory.avatarteaams.com/partners/directory/services/marketing-and-sales/content-marketing.html]
[www.shopifydirectory.avatarteaams.com/partners/directory/services/marketing-and-sales/sales-channel-setup.html]
[www.shopifydirectory.avatarteaams.com/partners/directory/services/marketing-and-sales/conversion-rate-optimization.html]
[www.shopifydirectory.avatarteaams.com/partners/directory/services/marketing-and-sales/analytics-and-tracking.html]
[www.shopifydirectory.avatarteaams.com/partners/directory/services/store-setup/customize-design.html]
[www.shopifydirectory.avatarteaams.com/partners/directory/services/store-setup/migrate-from-another-platform.html]
[www.shopifydirectory.avatarteaams.com/partners/directory/services/store-setup/set-up-products-and-collections.html]
[www.shopifydirectory.avatarteaams.com/partners/directory/services/store-setup/customize-theme.html]
[www.shopifydirectory.avatarteaams.com/partners/directory/services/store-setup/configure-settings.html]
[www.shopifydirectory.avatarteaams.com/partners/directory/services/store-setup/pos-setup-and-migration.html]
[www.shopifydirectory.avatarteaams.com/partners/directory/services/store-setup/headless-commerce.html]
[www.shopifydirectory.avatarteaams.com/partners/directory/services/store-setup/website-audit-and-optimization-strategy.html]
[www.shopifydirectory.avatarteaams.com/partners/directory/services/store-setup/ongoing-website-management.html]
[www.shopifydirectory.avatarteaams.com/partners/directory/services/store-setup/checkout-upgrade.html]
[www.shopifydirectory.avatarteaams.com/partners/directory/services/development-and-troubleshooting/custom-apps-integrations.html]
[www.shopifydirectory.avatarteaams.com/partners/directory/services/development-and-troubleshooting/domain-setup.html]
[www.shopifydirectory.avatarteaams.com/partners/directory/services/development-and-troubleshooting/troubleshooting-and-problem-resolution.html]
[www.shopifydirectory.avatarteaams.com/partners/directory/services/development-and-troubleshooting/systems-integration.html]
[www.shopifydirectory.avatarteaams.com/partners/directory/services/visual-content-and-branding/develop-brand-look-and-feel.html]
[www.shopifydirectory.avatarteaams.com/partners/directory/services/visual-content-and-branding/create-custom-banner-ads.html]
[www.shopifydirectory.avatarteaams.com/partners/directory/services/visual-content-and-branding/video-and-illustrations.html]
[www.shopifydirectory.avatarteaams.com/partners/directory/services/visual-content-and-branding/take-product-photos.html]
[www.shopifydirectory.avatarteaams.com/partners/directory/services/visual-content-and-branding/create-3d-models-ar.html]
[www.shopifydirectory.avatarteaams.com/partners/directory/services/content-writing/write-product-descriptions.html]
[www.shopifydirectory.avatarteaams.com/partners/directory/services/content-writing/website-marketing-content.html]
[www.shopifydirectory.avatarteaams.com/partners/directory/services/expert-guidance/business-strategy-guidance.html]
[www.shopifydirectory.avatarteaams.com/partners/directory/services/expert-guidance/product-sourcing-guidance.html]
[www.shopifydirectory.avatarteaams.com/partners/directory/services/expert-guidance/guidance-for-improving-your-site-performance-and-speed.html]
[www.shopifydirectory.avatarteaams.com/partners/directory/services/expert-guidance/tax-setup.html]
[www.shopifydirectory.avatarteaams.com/partners/directory/services/expert-guidance/wholesale-or-b2b.html]
[www.shopifydirectory.avatarteaams.com/partners/directory/services/expert-guidance/international-expansion.html]
[www.shopifydirectory.avatarteaams.com/partners/directory/services/expert-guidance/product-development.html]
[www.shopifydirectory.avatarteaams.com/partners/directory/locations/united-states.html]
[www.shopifydirectory.avatarteaams.com/partners/directory/locations/canada.html]
[www.shopifydirectory.avatarteaams.com/partners/directory/locations/india.html]
[www.shopifydirectory.avatarteaams.com/partners/directory/locations/united-kingdom.html]
[www.shopifydirectory.avatarteaams.com/partners/directory/locations/australia.html]
[www.shopifydirectory.avatarteaams.com/partners/directory/locations/germany.html]
[www.shopifydirectory.avatarteaams.com/partners/directory/locations/france.html]
[www.shopifydirectory.avatarteaams.com/partners/directory/locations/italy.html]
[www.shopifydirectory.avatarteaams.com/partners/directory/locations.html]
[cdn.shopify.com/shopifycloud/world/brochure/production-shopify/assets/getSpanStart-Brn8yoEi.js]
[www.shopifydirectory.avatarteaams.com/index2679.html]
[www.shopifydirectory.avatarteaams.com/index4658.html]
[www.shopifydirectory.avatarteaams.com/index9ba9.html]
[www.shopifydirectory.avatarteaams.com/indexfdb0.html]
[www.shopifydirectory.avatarteaams.com/blog/what-is-shopify.html]
[www.shopifydirectory.avatarteaams.com/editions.html]
[www.shopifydirectory.avatarteaams.com/careers.html]
[www.shopifydirectory.avatarteaams.com/news.html]
[www.shopifydirectory.avatarteaams.com/climate.html]
[www.shopifydirectory.avatarteaams.com/affiliates.html]
[www.shopifydirectory.avatarteaams.com/blog.html]
[www.shopifydirectory.avatarteaams.com/compare.html]
[www.shopifydirectory.avatarteaams.com/blog/topics/guides.html]
[www.shopifydirectory.avatarteaams.com/tools.html]
[www.shopifydirectory.avatarteaams.com/partners/directory.html]
[www.shopifydirectory.avatarteaams.com/partners/directory/partner/heymara25c8.html]
[www.shopifydirectory.avatarteaams.com/legal/terms.html]
[www.shopifydirectory.avatarteaams.com/legal.html]
[www.shopifydirectory.avatarteaams.com/legal/privacy.html]
[www.shopifydirectory.avatarteaams.com/sitemap.html]
